// Jest Snapshot v1, https://goo.gl/fbAQLP

exports[`Header component WHEN the component is render THEN should display Header component 1`] = `ReactWrapper {}`;
